#-----------------------------------------------------------
# Vivado v2018.2.1 (64-bit)
# SW Build 2288692 on Thu Jul 26 18:24:02 MDT 2018
# IP Build 2289599 on Thu Jul 26 21:09:20 MDT 2018
# Start of session at: Sun Oct 14 00:50:06 2018
# Process ID: 19400
# Current directory: C:/Users/Jerome/Desktop/Programming_Learning/FPGA/SoC/Projects/GPIO_uBlaze_N4/GPIO_uBlaze_N4/GPIO_uBlaze_N4.runs/uBlaze_clk_wiz_0_0_synth_1
# Command line: vivado.exe -log uBlaze_clk_wiz_0_0.vds -product Vivado -mode batch -messageDb vivado.pb -notrace -source uBlaze_clk_wiz_0_0.tcl
# Log file: C:/Users/Jerome/Desktop/Programming_Learning/FPGA/SoC/Projects/GPIO_uBlaze_N4/GPIO_uBlaze_N4/GPIO_uBlaze_N4.runs/uBlaze_clk_wiz_0_0_synth_1/uBlaze_clk_wiz_0_0.vds
# Journal file: C:/Users/Jerome/Desktop/Programming_Learning/FPGA/SoC/Projects/GPIO_uBlaze_N4/GPIO_uBlaze_N4/GPIO_uBlaze_N4.runs/uBlaze_clk_wiz_0_0_synth_1\vivado.jou
#-----------------------------------------------------------
source uBlaze_clk_wiz_0_0.tcl -notrace
